Authorization decision: {"timestamp":"2026-04-04T19:58:27.529371600Z","userId":1,"rolId":2,"resource":"COMPANY","action":"CREATE","decision":"ALLOW","durationMs":20}
Authorization decision: {"timestamp":"2026-04-04T19:59:45.823760300Z","userId":1,"rolId":2,"resource":"COMPANY","action":"CREATE","decision":"ALLOW","durationMs":6}
Authorization decision: {"timestamp":"2026-04-04T20:01:37.386437100Z","userId":1,"rolId":2,"resource":"COMPANY","action":"CREATE","decision":"ALLOW","durationMs":7}
Authorization decision: {"timestamp":"2026-04-04T20:03:14.193099400Z","userId":1,"rolId":2,"resource":"COMPANY","action":"UPDATE","decision":"ALLOW","durationMs":13,"context":{"resourceId":1}}
Authorization decision: {"timestamp":"2026-04-04T20:05:44.591015500Z","userId":1,"rolId":2,"resource":"COMPANY","action":"UPDATE","decision":"ALLOW","durationMs":25,"context":{"resourceId":1}}
Authorization decision: {"timestamp":"2026-04-04T20:05:56.168229500Z","userId":1,"rolId":2,"resource":"COMPANY","action":"UPDATE","decision":"ALLOW","durationMs":7,"context":{"resourceId":1}}
Authorization decision: {"timestamp":"2026-04-04T20:44:43.334196Z","userId":1,"rolId":2,"resource":"COMPANY","action":"UPDATE","decision":"ALLOW","durationMs":27,"context":{"resourceId":1}}
Authorization decision: {"timestamp":"2026-04-04T20:45:23.511118500Z","userId":1,"rolId":2,"resource":"COMPANY","action":"UPDATE","decision":"ALLOW","durationMs":10,"context":{"resourceId":1}}
Authorization decision: {"timestamp":"2026-04-04T20:45:36.602059100Z","userId":1,"rolId":2,"resource":"COMPANY","action":"READ","decision":"ALLOW","durationMs":20}
Authorization decision: {"timestamp":"2026-04-04T20:46:46.444983300Z","userId":1,"rolId":2,"resource":"COMPANY","action":"READ","decision":"ALLOW","durationMs":8}
Authorization decision: {"timestamp":"2026-04-04T20:47:02.246238200Z","userId":1,"rolId":2,"resource":"COMPANY","action":"UPDATE","decision":"ALLOW","durationMs":10,"context":{"resourceId":1}}
Authorization decision: {"timestamp":"2026-04-04T22:34:23.119397800Z","userId":1,"rolId":2,"resource":"USER_IDENTITY","action":"CREATE","decision":"ALLOW","durationMs":10}
Authorization decision: {"timestamp":"2026-04-04T22:35:15.525940600Z","userId":1,"rolId":2,"resource":"USER_IDENTITY","action":"CREATE","decision":"ALLOW","durationMs":17}
Authorization decision: {"timestamp":"2026-04-04T22:35:51.007977Z","userId":1,"rolId":2,"resource":"USER_IDENTITY","action":"CREATE","decision":"ALLOW","durationMs":11}
Authorization decision: {"timestamp":"2026-04-04T22:36:28.387451500Z","userId":1,"rolId":2,"resource":"USER_IDENTITY","action":"CREATE","decision":"ALLOW","durationMs":11}
Authorization decision: {"timestamp":"2026-04-04T22:37:05.680137Z","userId":1,"rolId":2,"resource":"USER_IDENTITY","action":"CREATE","decision":"ALLOW","durationMs":12}
Authorization decision: {"timestamp":"2026-04-04T22:37:45.758144800Z","userId":1,"rolId":2,"resource":"USER_IDENTITY","action":"CREATE","decision":"ALLOW","durationMs":15}
Authorization decision: {"timestamp":"2026-04-04T22:38:16.560706900Z","userId":1,"rolId":2,"resource":"USER_IDENTITY","action":"CREATE","decision":"ALLOW","durationMs":18}
Authorization decision: {"timestamp":"2026-04-04T22:38:33.083815500Z","userId":1,"rolId":2,"resource":"USER_IDENTITY","action":"CREATE","decision":"ALLOW","durationMs":28}
Authorization decision: {"timestamp":"2026-04-04T22:39:02.263775400Z","userId":1,"rolId":2,"resource":"USER_IDENTITY","action":"CREATE","decision":"ALLOW","durationMs":10}
Authorization decision: {"timestamp":"2026-04-04T22:39:23.961185400Z","userId":1,"rolId":2,"resource":"USER_IDENTITY","action":"CREATE","decision":"ALLOW","durationMs":30}
Authorization decision: {"timestamp":"2026-04-04T23:17:57.050413300Z","userId":1,"rolId":2,"resource":"USER_IDENTITY","action":"CREATE","decision":"ALLOW","durationMs":8}
Authorization decision: {"timestamp":"2026-04-04T23:22:18.733095800Z","userId":1,"rolId":2,"resource":"USER_IDENTITY","action":"CREATE","decision":"ALLOW","durationMs":16}
Authorization decision: {"timestamp":"2026-04-04T23:23:08.302774800Z","userId":1,"rolId":2,"resource":"USER_IDENTITY","action":"CREATE","decision":"ALLOW","durationMs":10}
Authorization decision: {"timestamp":"2026-04-04T23:23:37.592502600Z","userId":1,"rolId":2,"resource":"USER_IDENTITY","action":"CREATE","decision":"ALLOW","durationMs":9}
Authorization decision: {"timestamp":"2026-04-04T23:24:12.685860700Z","userId":1,"rolId":2,"resource":"USER_IDENTITY","action":"CREATE","decision":"ALLOW","durationMs":9}
Authorization decision: {"timestamp":"2026-04-04T23:25:19.466686700Z","userId":1,"rolId":2,"resource":"USER_IDENTITY","action":"CREATE","decision":"ALLOW","durationMs":12}
Authorization decision: {"timestamp":"2026-04-04T23:25:52.694979200Z","userId":1,"rolId":2,"resource":"USER_IDENTITY","action":"CREATE","decision":"ALLOW","durationMs":8}
Authorization decision: {"timestamp":"2026-04-04T23:26:16.379345400Z","userId":1,"rolId":2,"resource":"USER_IDENTITY","action":"CREATE","decision":"ALLOW","durationMs":9}
Authorization decision: {"timestamp":"2026-04-04T23:26:32.946507800Z","userId":1,"rolId":2,"resource":"USER_IDENTITY","action":"CREATE","decision":"ALLOW","durationMs":9}
Authorization decision: {"timestamp":"2026-04-04T23:27:04.096662900Z","userId":1,"rolId":2,"resource":"USER_IDENTITY","action":"CREATE","decision":"ALLOW","durationMs":7}
Authorization decision: {"timestamp":"2026-04-04T23:27:20.591650Z","userId":1,"rolId":2,"resource":"USER_IDENTITY","action":"CREATE","decision":"ALLOW","durationMs":11}
Authorization decision: {"timestamp":"2026-04-04T23:27:43.949461600Z","userId":1,"rolId":2,"resource":"USER_IDENTITY","action":"CREATE","decision":"ALLOW","durationMs":9}
Authorization decision: {"timestamp":"2026-04-04T23:27:59.190192300Z","userId":1,"rolId":2,"resource":"USER_IDENTITY","action":"CREATE","decision":"ALLOW","durationMs":8}
Authorization decision: {"timestamp":"2026-04-04T23:32:11.545243400Z","userId":1,"rolId":2,"resource":"USER_IDENTITY","action":"CREATE","decision":"ALLOW","durationMs":14}
Authorization decision: {"timestamp":"2026-04-04T23:32:28.849862Z","userId":1,"rolId":2,"resource":"USER_IDENTITY","action":"CREATE","decision":"ALLOW","durationMs":8}
Authorization decision: {"timestamp":"2026-04-04T23:32:48.072712700Z","userId":1,"rolId":2,"resource":"USER_IDENTITY","action":"CREATE","decision":"ALLOW","durationMs":9}
Authorization decision: {"timestamp":"2026-04-04T23:33:03.870909600Z","userId":1,"rolId":2,"resource":"USER_IDENTITY","action":"CREATE","decision":"ALLOW","durationMs":7}
Authorization decision: {"timestamp":"2026-04-04T23:33:17.690464200Z","userId":1,"rolId":2,"resource":"USER_IDENTITY","action":"CREATE","decision":"ALLOW","durationMs":7}
Authorization decision: {"timestamp":"2026-04-04T23:33:38.433389600Z","userId":1,"rolId":2,"resource":"USER_IDENTITY","action":"CREATE","decision":"ALLOW","durationMs":10}
Authorization decision: {"timestamp":"2026-04-04T23:33:53.552724700Z","userId":1,"rolId":2,"resource":"USER_IDENTITY","action":"CREATE","decision":"ALLOW","durationMs":14}
Authorization decision: {"timestamp":"2026-04-04T23:34:09.306368Z","userId":1,"rolId":2,"resource":"USER_IDENTITY","action":"CREATE","decision":"ALLOW","durationMs":9}
Authorization decision: {"timestamp":"2026-04-04T23:34:25.627997600Z","userId":1,"rolId":2,"resource":"USER_IDENTITY","action":"CREATE","decision":"ALLOW","durationMs":7}
Authorization decision: {"timestamp":"2026-04-04T23:34:39.860541500Z","userId":1,"rolId":2,"resource":"USER_IDENTITY","action":"CREATE","decision":"ALLOW","durationMs":5}
Authorization decision: {"timestamp":"2026-04-04T23:34:53.920568200Z","userId":1,"rolId":2,"resource":"USER_IDENTITY","action":"CREATE","decision":"ALLOW","durationMs":6}
Authorization decision: {"timestamp":"2026-04-04T23:35:06.632016900Z","userId":1,"rolId":2,"resource":"USER_IDENTITY","action":"CREATE","decision":"ALLOW","durationMs":7}
Authorization decision: {"timestamp":"2026-04-04T23:35:20.703361400Z","userId":1,"rolId":2,"resource":"USER_IDENTITY","action":"CREATE","decision":"ALLOW","durationMs":9}
Authorization decision: {"timestamp":"2026-04-04T23:35:40.772987200Z","userId":1,"rolId":2,"resource":"USER_IDENTITY","action":"CREATE","decision":"ALLOW","durationMs":18}
Authorization decision: {"timestamp":"2026-04-04T23:35:54.713571500Z","userId":1,"rolId":2,"resource":"USER_IDENTITY","action":"CREATE","decision":"ALLOW","durationMs":17}
Authorization decision: {"timestamp":"2026-04-04T23:36:14.680015Z","userId":1,"rolId":2,"resource":"USER_IDENTITY","action":"CREATE","decision":"ALLOW","durationMs":5}
Authorization decision: {"timestamp":"2026-04-04T23:36:30.448096100Z","userId":1,"rolId":2,"resource":"USER_IDENTITY","action":"CREATE","decision":"ALLOW","durationMs":7}
Authorization decision: {"timestamp":"2026-04-04T23:36:46.000881500Z","userId":1,"rolId":2,"resource":"USER_IDENTITY","action":"CREATE","decision":"ALLOW","durationMs":5}
Authorization decision: {"timestamp":"2026-04-04T23:37:03.303957200Z","userId":1,"rolId":2,"resource":"USER_IDENTITY","action":"CREATE","decision":"ALLOW","durationMs":9}
Authorization decision: {"timestamp":"2026-04-04T23:37:23.389781200Z","userId":1,"rolId":2,"resource":"USER_IDENTITY","action":"CREATE","decision":"ALLOW","durationMs":6}
Authorization decision: {"timestamp":"2026-04-04T23:40:49.709759500Z","userId":1,"rolId":2,"resource":"USER_IDENTITY","action":"CREATE","decision":"ALLOW","durationMs":8}
Authorization decision: {"timestamp":"2026-04-04T23:41:08.821825500Z","userId":1,"rolId":2,"resource":"USER_IDENTITY","action":"CREATE","decision":"ALLOW","durationMs":39}
Authorization decision: {"timestamp":"2026-04-04T23:41:33.598206200Z","userId":1,"rolId":2,"resource":"USER_IDENTITY","action":"CREATE","decision":"ALLOW","durationMs":116}
Authorization decision: {"timestamp":"2026-04-04T23:41:49.995231500Z","userId":1,"rolId":2,"resource":"USER_IDENTITY","action":"CREATE","decision":"ALLOW","durationMs":5}
Authorization decision: {"timestamp":"2026-04-04T23:42:06.230682500Z","userId":1,"rolId":2,"resource":"USER_IDENTITY","action":"CREATE","decision":"ALLOW","durationMs":6}
Authorization decision: {"timestamp":"2026-04-04T23:42:22.618322400Z","userId":1,"rolId":2,"resource":"USER_IDENTITY","action":"CREATE","decision":"ALLOW","durationMs":11}
Authorization decision: {"timestamp":"2026-04-04T23:42:47.218128900Z","userId":1,"rolId":2,"resource":"USER_IDENTITY","action":"CREATE","decision":"ALLOW","durationMs":7}
Authorization decision: {"timestamp":"2026-04-04T23:43:02.283387100Z","userId":1,"rolId":2,"resource":"USER_IDENTITY","action":"CREATE","decision":"ALLOW","durationMs":25}
Authorization decision: {"timestamp":"2026-04-04T23:43:15.254997800Z","userId":1,"rolId":2,"resource":"USER_IDENTITY","action":"CREATE","decision":"ALLOW","durationMs":7}
Authorization decision: {"timestamp":"2026-04-04T23:43:29.090578100Z","userId":1,"rolId":2,"resource":"USER_IDENTITY","action":"CREATE","decision":"ALLOW","durationMs":3}
Authorization decision: {"timestamp":"2026-04-04T23:43:44.313857100Z","userId":1,"rolId":2,"resource":"USER_IDENTITY","action":"CREATE","decision":"ALLOW","durationMs":7}
Authorization decision: {"timestamp":"2026-04-04T23:43:59.118602300Z","userId":1,"rolId":2,"resource":"USER_IDENTITY","action":"CREATE","decision":"ALLOW","durationMs":15}
Authorization decision: {"timestamp":"2026-04-04T23:44:14.606777300Z","userId":1,"rolId":2,"resource":"USER_IDENTITY","action":"CREATE","decision":"ALLOW","durationMs":9}
Authorization decision: {"timestamp":"2026-04-04T23:44:28.464040200Z","userId":1,"rolId":2,"resource":"USER_IDENTITY","action":"CREATE","decision":"ALLOW","durationMs":4}
Authorization decision: {"timestamp":"2026-04-04T23:44:45.323604200Z","userId":1,"rolId":2,"resource":"USER_IDENTITY","action":"CREATE","decision":"ALLOW","durationMs":11}
Authorization decision: {"timestamp":"2026-04-04T23:44:58.200265100Z","userId":1,"rolId":2,"resource":"USER_IDENTITY","action":"CREATE","decision":"ALLOW","durationMs":4}
Authorization decision: {"timestamp":"2026-04-04T23:45:07.007180100Z","userId":1,"rolId":2,"resource":"USER_IDENTITY","action":"CREATE","decision":"ALLOW","durationMs":4}
Authorization decision: {"timestamp":"2026-04-04T23:45:16.213025500Z","userId":1,"rolId":2,"resource":"USER_IDENTITY","action":"CREATE","decision":"ALLOW","durationMs":3}
Authorization decision: {"timestamp":"2026-04-04T23:46:07.893189800Z","userId":1,"rolId":2,"resource":"USER_IDENTITY","action":"CREATE","decision":"ALLOW","durationMs":19}
Authorization decision: {"timestamp":"2026-04-04T23:46:25.159059700Z","userId":1,"rolId":2,"resource":"USER_IDENTITY","action":"CREATE","decision":"ALLOW","durationMs":5}
Authorization decision: {"timestamp":"2026-04-04T23:46:38.701046100Z","userId":1,"rolId":2,"resource":"USER_IDENTITY","action":"CREATE","decision":"ALLOW","durationMs":148}
Authorization decision: {"timestamp":"2026-04-04T23:46:54.097944Z","userId":1,"rolId":2,"resource":"USER_IDENTITY","action":"CREATE","decision":"ALLOW","durationMs":43}
Authorization decision: {"timestamp":"2026-04-04T23:47:12.795884800Z","userId":1,"rolId":2,"resource":"USER_IDENTITY","action":"CREATE","decision":"ALLOW","durationMs":51}
Authorization decision: {"timestamp":"2026-04-04T23:47:28.809471900Z","userId":1,"rolId":2,"resource":"USER_IDENTITY","action":"CREATE","decision":"ALLOW","durationMs":11}
Authorization decision: {"timestamp":"2026-04-04T23:47:46.192108200Z","userId":1,"rolId":2,"resource":"USER_IDENTITY","action":"CREATE","decision":"ALLOW","durationMs":5}
Authorization decision: {"timestamp":"2026-04-04T23:48:04.828094700Z","userId":1,"rolId":2,"resource":"USER_IDENTITY","action":"CREATE","decision":"ALLOW","durationMs":14}
Authorization decision: {"timestamp":"2026-04-04T23:48:18.910627600Z","userId":1,"rolId":2,"resource":"USER_IDENTITY","action":"CREATE","decision":"ALLOW","durationMs":9}
Authorization decision: {"timestamp":"2026-04-04T23:48:31.983703600Z","userId":1,"rolId":2,"resource":"USER_IDENTITY","action":"CREATE","decision":"ALLOW","durationMs":4}
Authorization decision: {"timestamp":"2026-04-04T23:50:20.322096600Z","userId":1,"rolId":2,"resource":"USER_IDENTITY","action":"CREATE","decision":"ALLOW","durationMs":3}
Authorization decision: {"timestamp":"2026-04-04T23:50:51.188412Z","userId":1,"rolId":2,"resource":"USER_IDENTITY","action":"CREATE","decision":"ALLOW","durationMs":4}
Authorization decision: {"timestamp":"2026-04-04T23:51:11.898135300Z","userId":1,"rolId":2,"resource":"USER_IDENTITY","action":"CREATE","decision":"ALLOW","durationMs":4}
Authorization decision: {"timestamp":"2026-04-04T23:51:24.670922700Z","userId":1,"rolId":2,"resource":"USER_IDENTITY","action":"CREATE","decision":"ALLOW","durationMs":5}
Authorization decision: {"timestamp":"2026-04-04T23:51:40.283826200Z","userId":1,"rolId":2,"resource":"USER_IDENTITY","action":"CREATE","decision":"ALLOW","durationMs":4}
Authorization decision: {"timestamp":"2026-04-04T23:55:29.292428700Z","userId":1,"rolId":2,"resource":"USER_IDENTITY","action":"READ","decision":"ALLOW","durationMs":7}
Authorization decision: {"timestamp":"2026-04-04T23:57:09.616906200Z","userId":1,"rolId":2,"resource":"USER_IDENTITY","action":"READ","decision":"ALLOW","durationMs":5}
Authorization decision: {"timestamp":"2026-04-05T00:52:27.086797200Z","userId":1,"rolId":2,"resource":"USER_IDENTITY","action":"READ","decision":"ALLOW","durationMs":18}
Authorization decision: {"timestamp":"2026-04-05T01:22:19.808719700Z","userId":1,"rolId":2,"resource":"ASSIGNMENT","action":"READ","decision":"ALLOW","durationMs":7}
Authorization decision: {"timestamp":"2026-04-05T01:47:24.341749100Z","userId":1,"rolId":2,"resource":"ASSIGNMENT","action":"CREATE","decision":"ALLOW","durationMs":18}
Authorization decision: {"timestamp":"2026-04-05T01:47:50.671642300Z","userId":1,"rolId":2,"resource":"ASSIGNMENT","action":"CREATE","decision":"ALLOW","durationMs":163}
Authorization decision: {"timestamp":"2026-04-05T01:48:00.430849900Z","userId":1,"rolId":2,"resource":"ASSIGNMENT","action":"CREATE","decision":"ALLOW","durationMs":23}
Authorization decision: {"timestamp":"2026-04-05T01:48:22.763804700Z","userId":1,"rolId":2,"resource":"ASSIGNMENT","action":"CREATE","decision":"ALLOW","durationMs":35}
Authorization decision: {"timestamp":"2026-04-05T01:48:29.366704900Z","userId":1,"rolId":2,"resource":"ASSIGNMENT","action":"CREATE","decision":"ALLOW","durationMs":10}
Authorization decision: {"timestamp":"2026-04-05T01:48:36.769797700Z","userId":1,"rolId":2,"resource":"ASSIGNMENT","action":"CREATE","decision":"ALLOW","durationMs":50}
Authorization decision: {"timestamp":"2026-04-05T01:48:48.515799800Z","userId":1,"rolId":2,"resource":"ASSIGNMENT","action":"CREATE","decision":"ALLOW","durationMs":31}
Authorization decision: {"timestamp":"2026-04-05T01:48:55.873407100Z","userId":1,"rolId":2,"resource":"ASSIGNMENT","action":"CREATE","decision":"ALLOW","durationMs":9}
Authorization decision: {"timestamp":"2026-04-05T01:49:04.583867Z","userId":1,"rolId":2,"resource":"ASSIGNMENT","action":"CREATE","decision":"ALLOW","durationMs":13}
Authorization decision: {"timestamp":"2026-04-05T01:49:12.006497100Z","userId":1,"rolId":2,"resource":"ASSIGNMENT","action":"CREATE","decision":"ALLOW","durationMs":25}
Authorization decision: {"timestamp":"2026-04-05T01:49:20.724579700Z","userId":1,"rolId":2,"resource":"ASSIGNMENT","action":"CREATE","decision":"ALLOW","durationMs":22}
Authorization decision: {"timestamp":"2026-04-05T01:49:27.611547Z","userId":1,"rolId":2,"resource":"ASSIGNMENT","action":"CREATE","decision":"ALLOW","durationMs":25}
Authorization decision: {"timestamp":"2026-04-05T01:49:37.792436900Z","userId":1,"rolId":2,"resource":"ASSIGNMENT","action":"CREATE","decision":"ALLOW","durationMs":8}
Authorization decision: {"timestamp":"2026-04-05T01:49:44.907917300Z","userId":1,"rolId":2,"resource":"ASSIGNMENT","action":"CREATE","decision":"ALLOW","durationMs":13}
Authorization decision: {"timestamp":"2026-04-05T01:49:52.075363600Z","userId":1,"rolId":2,"resource":"ASSIGNMENT","action":"CREATE","decision":"ALLOW","durationMs":19}
Authorization decision: {"timestamp":"2026-04-05T01:50:01.423606600Z","userId":1,"rolId":2,"resource":"ASSIGNMENT","action":"CREATE","decision":"ALLOW","durationMs":17}
Authorization decision: {"timestamp":"2026-04-05T01:50:10.542731400Z","userId":1,"rolId":2,"resource":"ASSIGNMENT","action":"CREATE","decision":"ALLOW","durationMs":5}
Authorization decision: {"timestamp":"2026-04-05T01:50:18.047267700Z","userId":1,"rolId":2,"resource":"ASSIGNMENT","action":"CREATE","decision":"ALLOW","durationMs":41}
Authorization decision: {"timestamp":"2026-04-05T01:50:33.197556400Z","userId":1,"rolId":2,"resource":"ASSIGNMENT","action":"CREATE","decision":"ALLOW","durationMs":248}
Authorization decision: {"timestamp":"2026-04-05T01:51:06.491439200Z","userId":1,"rolId":2,"resource":"ASSIGNMENT","action":"CREATE","decision":"ALLOW","durationMs":6}
Authorization decision: {"timestamp":"2026-04-05T01:51:14.733545200Z","userId":1,"rolId":2,"resource":"ASSIGNMENT","action":"CREATE","decision":"ALLOW","durationMs":6}
Authorization decision: {"timestamp":"2026-04-05T01:51:22.989370Z","userId":1,"rolId":2,"resource":"ASSIGNMENT","action":"CREATE","decision":"ALLOW","durationMs":6}
Authorization decision: {"timestamp":"2026-04-05T01:51:37.021055300Z","userId":1,"rolId":2,"resource":"ASSIGNMENT","action":"CREATE","decision":"ALLOW","durationMs":39}
Authorization decision: {"timestamp":"2026-04-05T01:51:48.895011100Z","userId":1,"rolId":2,"resource":"ASSIGNMENT","action":"CREATE","decision":"ALLOW","durationMs":9}
Authorization decision: {"timestamp":"2026-04-05T01:51:58.421086200Z","userId":1,"rolId":2,"resource":"ASSIGNMENT","action":"CREATE","decision":"ALLOW","durationMs":13}
Authorization decision: {"timestamp":"2026-04-05T01:52:07.473861900Z","userId":1,"rolId":2,"resource":"ASSIGNMENT","action":"CREATE","decision":"ALLOW","durationMs":11}
Authorization decision: {"timestamp":"2026-04-05T01:52:17.977169200Z","userId":1,"rolId":2,"resource":"ASSIGNMENT","action":"CREATE","decision":"ALLOW","durationMs":5}
Authorization decision: {"timestamp":"2026-04-05T01:52:47.342619Z","userId":1,"rolId":2,"resource":"ASSIGNMENT","action":"CREATE","decision":"ALLOW","durationMs":14}
Authorization decision: {"timestamp":"2026-04-05T01:52:55.619395900Z","userId":1,"rolId":2,"resource":"ASSIGNMENT","action":"CREATE","decision":"ALLOW","durationMs":4}
Authorization decision: {"timestamp":"2026-04-05T01:53:03.481148800Z","userId":1,"rolId":2,"resource":"ASSIGNMENT","action":"CREATE","decision":"ALLOW","durationMs":12}
Authorization decision: {"timestamp":"2026-04-05T01:53:09.832757Z","userId":1,"rolId":2,"resource":"ASSIGNMENT","action":"CREATE","decision":"ALLOW","durationMs":8}
Authorization decision: {"timestamp":"2026-04-05T01:53:17.867581600Z","userId":1,"rolId":2,"resource":"ASSIGNMENT","action":"CREATE","decision":"ALLOW","durationMs":9}
Authorization decision: {"timestamp":"2026-04-05T01:53:25.871067400Z","userId":1,"rolId":2,"resource":"ASSIGNMENT","action":"CREATE","decision":"ALLOW","durationMs":26}
Authorization decision: {"timestamp":"2026-04-05T01:53:33.387493900Z","userId":1,"rolId":2,"resource":"ASSIGNMENT","action":"CREATE","decision":"ALLOW","durationMs":5}
Authorization decision: {"timestamp":"2026-04-05T01:53:41.597786800Z","userId":1,"rolId":2,"resource":"ASSIGNMENT","action":"CREATE","decision":"ALLOW","durationMs":6}
Authorization decision: {"timestamp":"2026-04-05T01:53:48.341842600Z","userId":1,"rolId":2,"resource":"ASSIGNMENT","action":"CREATE","decision":"ALLOW","durationMs":7}
Authorization decision: {"timestamp":"2026-04-05T01:53:54.359146800Z","userId":1,"rolId":2,"resource":"ASSIGNMENT","action":"CREATE","decision":"ALLOW","durationMs":17}
Authorization decision: {"timestamp":"2026-04-05T01:54:14.721272600Z","userId":1,"rolId":2,"resource":"ASSIGNMENT","action":"CREATE","decision":"ALLOW","durationMs":8}
Authorization decision: {"timestamp":"2026-04-05T01:54:25.564398Z","userId":1,"rolId":2,"resource":"ASSIGNMENT","action":"CREATE","decision":"ALLOW","durationMs":8}
Authorization decision: {"timestamp":"2026-04-05T01:54:37.800168100Z","userId":1,"rolId":2,"resource":"ASSIGNMENT","action":"CREATE","decision":"ALLOW","durationMs":6}
Authorization decision: {"timestamp":"2026-04-05T01:54:44.447791900Z","userId":1,"rolId":2,"resource":"ASSIGNMENT","action":"CREATE","decision":"ALLOW","durationMs":8}
Authorization decision: {"timestamp":"2026-04-05T01:54:51.270691900Z","userId":1,"rolId":2,"resource":"ASSIGNMENT","action":"CREATE","decision":"ALLOW","durationMs":7}
Authorization decision: {"timestamp":"2026-04-05T01:54:58.938632500Z","userId":1,"rolId":2,"resource":"ASSIGNMENT","action":"CREATE","decision":"ALLOW","durationMs":6}
Authorization decision: {"timestamp":"2026-04-05T01:55:08.777812900Z","userId":1,"rolId":2,"resource":"ASSIGNMENT","action":"CREATE","decision":"ALLOW","durationMs":135}
Authorization decision: {"timestamp":"2026-04-05T01:55:18.057679700Z","userId":1,"rolId":2,"resource":"ASSIGNMENT","action":"CREATE","decision":"ALLOW","durationMs":94}
Authorization decision: {"timestamp":"2026-04-05T01:55:25.614691Z","userId":1,"rolId":2,"resource":"ASSIGNMENT","action":"CREATE","decision":"ALLOW","durationMs":11}
Authorization decision: {"timestamp":"2026-04-05T01:55:33.947069800Z","userId":1,"rolId":2,"resource":"ASSIGNMENT","action":"CREATE","decision":"ALLOW","durationMs":7}
Authorization decision: {"timestamp":"2026-04-05T01:55:40.933466700Z","userId":1,"rolId":2,"resource":"ASSIGNMENT","action":"CREATE","decision":"ALLOW","durationMs":6}
Authorization decision: {"timestamp":"2026-04-05T01:55:48.967471800Z","userId":1,"rolId":2,"resource":"ASSIGNMENT","action":"CREATE","decision":"ALLOW","durationMs":6}
Authorization decision: {"timestamp":"2026-04-05T01:55:55.056386700Z","userId":1,"rolId":2,"resource":"ASSIGNMENT","action":"CREATE","decision":"ALLOW","durationMs":4}
Authorization decision: {"timestamp":"2026-04-05T01:56:01.745034800Z","userId":1,"rolId":2,"resource":"ASSIGNMENT","action":"CREATE","decision":"ALLOW","durationMs":4}
Authorization decision: {"timestamp":"2026-04-05T01:56:10.263445600Z","userId":1,"rolId":2,"resource":"ASSIGNMENT","action":"CREATE","decision":"ALLOW","durationMs":70}
Authorization decision: {"timestamp":"2026-04-05T01:56:17.646789700Z","userId":1,"rolId":2,"resource":"ASSIGNMENT","action":"CREATE","decision":"ALLOW","durationMs":5}
Authorization decision: {"timestamp":"2026-04-05T01:56:24.650871Z","userId":1,"rolId":2,"resource":"ASSIGNMENT","action":"CREATE","decision":"ALLOW","durationMs":8}
Authorization decision: {"timestamp":"2026-04-05T01:56:35.818108800Z","userId":1,"rolId":2,"resource":"ASSIGNMENT","action":"CREATE","decision":"ALLOW","durationMs":5}
Authorization decision: {"timestamp":"2026-04-05T01:56:47.484946400Z","userId":1,"rolId":2,"resource":"ASSIGNMENT","action":"CREATE","decision":"ALLOW","durationMs":9}
Authorization decision: {"timestamp":"2026-04-05T01:56:53.706658300Z","userId":1,"rolId":2,"resource":"ASSIGNMENT","action":"CREATE","decision":"ALLOW","durationMs":9}
Authorization decision: {"timestamp":"2026-04-05T01:57:00.923965900Z","userId":1,"rolId":2,"resource":"ASSIGNMENT","action":"CREATE","decision":"ALLOW","durationMs":8}
Authorization decision: {"timestamp":"2026-04-05T01:57:08.351820Z","userId":1,"rolId":2,"resource":"ASSIGNMENT","action":"CREATE","decision":"ALLOW","durationMs":12}
Authorization decision: {"timestamp":"2026-04-05T01:57:14.796106400Z","userId":1,"rolId":2,"resource":"ASSIGNMENT","action":"CREATE","decision":"ALLOW","durationMs":7}
Authorization decision: {"timestamp":"2026-04-05T01:57:22.857540800Z","userId":1,"rolId":2,"resource":"ASSIGNMENT","action":"CREATE","decision":"ALLOW","durationMs":5}
Authorization decision: {"timestamp":"2026-04-05T01:57:32.180891300Z","userId":1,"rolId":2,"resource":"ASSIGNMENT","action":"CREATE","decision":"ALLOW","durationMs":5}
Authorization decision: {"timestamp":"2026-04-05T01:57:47.152055700Z","userId":1,"rolId":2,"resource":"ASSIGNMENT","action":"CREATE","decision":"ALLOW","durationMs":7}
Authorization decision: {"timestamp":"2026-04-05T01:57:55.591492500Z","userId":1,"rolId":2,"resource":"ASSIGNMENT","action":"CREATE","decision":"ALLOW","durationMs":6}
Authorization decision: {"timestamp":"2026-04-05T01:58:04.625637700Z","userId":1,"rolId":2,"resource":"ASSIGNMENT","action":"CREATE","decision":"ALLOW","durationMs":10}
Authorization decision: {"timestamp":"2026-04-05T01:58:12.105091200Z","userId":1,"rolId":2,"resource":"ASSIGNMENT","action":"CREATE","decision":"ALLOW","durationMs":12}
Authorization decision: {"timestamp":"2026-04-05T01:58:19.683689Z","userId":1,"rolId":2,"resource":"ASSIGNMENT","action":"CREATE","decision":"ALLOW","durationMs":5}
Authorization decision: {"timestamp":"2026-04-05T02:10:31.103212Z","userId":1,"rolId":2,"resource":"USER_IDENTITY","action":"READ","decision":"ALLOW","durationMs":67,"context":{"resourceId":17}}
Authorization decision: {"timestamp":"2026-04-05T02:12:20.705931700Z","userId":1,"rolId":2,"resource":"USER_IDENTITY","action":"READ","decision":"ALLOW","durationMs":9,"context":{"resourceId":39}}
Authorization decision: {"timestamp":"2026-04-05T02:12:35.975304900Z","userId":1,"rolId":2,"resource":"USER_IDENTITY","action":"READ","decision":"ALLOW","durationMs":8,"context":{"resourceId":40}}
Authorization decision: {"timestamp":"2026-04-05T03:04:25.380441900Z","userId":40,"rolId":1,"resource":"GUARDIAN","action":"CREATE","decision":"ALLOW","durationMs":36}
Authorization decision: {"timestamp":"2026-04-05T03:04:45.718911800Z","userId":40,"rolId":1,"resource":"GUARDIAN","action":"CREATE","decision":"ALLOW","durationMs":74}
Authorization decision: {"timestamp":"2026-04-05T03:07:07.100080200Z","userId":40,"rolId":1,"resource":"GUARDIAN","action":"CREATE","decision":"ALLOW","durationMs":25}
Authorization decision: {"timestamp":"2026-04-05T03:08:04.382745400Z","userId":40,"rolId":1,"resource":"GUARDIAN","action":"CREATE","decision":"ALLOW","durationMs":11}
Authorization decision: {"timestamp":"2026-04-05T03:14:27.868266900Z","userId":40,"rolId":1,"resource":"GUARDIAN","action":"CREATE","decision":"ALLOW","durationMs":13}
Authorization decision: {"timestamp":"2026-04-05T03:16:41.061886Z","userId":40,"rolId":1,"resource":"GUARDIAN","action":"CREATE","decision":"ALLOW","durationMs":11}
Authorization decision: {"timestamp":"2026-04-05T03:22:28.220460900Z","userId":40,"rolId":1,"resource":"GUARDIAN","action":"CREATE","decision":"ALLOW","durationMs":18}
