Authorization decision: {"timestamp":"2026-03-22T22:47:42.315675200Z","userId":1,"rolId":1,"resource":"USER_IDENTITY","action":"READ","decision":"ALLOW","durationMs":22,"context":{"resourceId":1}}
Authorization decision: {"timestamp":"2026-03-22T22:53:20.201780600Z","userId":1,"rolId":1,"resource":"USER_IDENTITY","action":"READ","decision":"ALLOW","durationMs":7}
Authorization decision: {"timestamp":"2026-03-22T22:54:41.944394500Z","userId":1,"rolId":1,"resource":"USER_IDENTITY","action":"READ","decision":"ALLOW","durationMs":6}
Authorization decision: {"timestamp":"2026-03-22T22:55:48.629355200Z","userId":1,"rolId":1,"resource":"USER_IDENTITY","action":"READ","decision":"ALLOW","durationMs":7}
Authorization decision: {"timestamp":"2026-03-22T23:14:27.318305100Z","userId":1,"rolId":1,"resource":"USER_IDENTITY","action":"UPDATE","decision":"ALLOW","durationMs":14,"context":{"resourceId":2}}
Authorization decision: {"timestamp":"2026-03-22T23:19:00.271857100Z","userId":1,"rolId":1,"resource":"USER_IDENTITY","action":"UPDATE","decision":"ALLOW","durationMs":5,"context":{"resourceId":2}}
Authorization decision: {"timestamp":"2026-03-22T23:23:53.304782800Z","userId":1,"rolId":1,"resource":"USER_IDENTITY","action":"DEACTIVATE","decision":"ALLOW","durationMs":4,"context":{"resourceId":2}}
Authorization decision: {"timestamp":"2026-03-22T23:24:05.686794Z","userId":1,"rolId":1,"resource":"USER_IDENTITY","action":"DEACTIVATE","decision":"ALLOW","durationMs":9,"context":{"resourceId":2}}
Authorization decision: {"timestamp":"2026-03-22T23:27:46.520782800Z","userId":1,"rolId":1,"resource":"USER_IDENTITY","action":"DEACTIVATE","decision":"ALLOW","durationMs":7,"context":{"resourceId":2}}
Authorization decision: {"timestamp":"2026-03-22T23:29:09.390102600Z","userId":1,"rolId":1,"resource":"USER_IDENTITY","action":"DEACTIVATE","decision":"ALLOW","durationMs":6,"context":{"resourceId":2}}
Authorization decision: {"timestamp":"2026-03-22T23:30:14.352986400Z","userId":1,"rolId":1,"resource":"USER_IDENTITY","action":"DEACTIVATE","decision":"ALLOW","durationMs":53,"context":{"resourceId":2}}
Authorization decision: {"timestamp":"2026-03-22T23:32:10.042217700Z","userId":1,"rolId":1,"resource":"USER_IDENTITY","action":"DEACTIVATE","decision":"ALLOW","durationMs":7,"context":{"resourceId":2}}
Authorization decision: {"timestamp":"2026-03-22T23:33:06.601598900Z","userId":1,"rolId":1,"resource":"USER_IDENTITY","action":"DEACTIVATE","decision":"ALLOW","durationMs":9,"context":{"resourceId":2}}
Authorization decision: {"timestamp":"2026-03-22T23:44:59.400064200Z","userId":1,"rolId":1,"resource":"USER_IDENTITY","action":"DEACTIVATE","decision":"ALLOW","durationMs":5,"context":{"resourceId":2}}
Authorization decision: {"timestamp":"2026-03-22T23:45:06.489647100Z","userId":1,"rolId":1,"resource":"USER_IDENTITY","action":"DEACTIVATE","decision":"ALLOW","durationMs":5,"context":{"resourceId":2}}
Authorization decision: {"timestamp":"2026-03-22T23:45:15.509149300Z","userId":1,"rolId":1,"resource":"USER_IDENTITY","action":"DEACTIVATE","decision":"ALLOW","durationMs":7,"context":{"resourceId":3}}
Authorization decision: {"timestamp":"2026-03-23T01:38:12.002650900Z","userId":1,"rolId":1,"resource":"USER_IDENTITY","action":"DEACTIVATE","decision":"ALLOW","durationMs":24,"context":{"resourceId":2}}
Authorization decision: {"timestamp":"2026-03-23T02:42:00.326576200Z","userId":1,"rolId":1,"resource":"USER_IDENTITY","action":"REACTIVATE","decision":"ALLOW","durationMs":6,"context":{"resourceId":2}}
Authorization decision: {"timestamp":"2026-03-23T02:47:46.750653800Z","userId":1,"rolId":1,"resource":"USER_IDENTITY","action":"SUSPEND","decision":"ALLOW","durationMs":5,"context":{"resourceId":2}}
Authorization decision: {"timestamp":"2026-03-23T02:50:56.210468200Z","userId":1,"rolId":1,"resource":"USER_IDENTITY","action":"UPDATE","decision":"ALLOW","durationMs":5,"context":{"resourceId":2}}
Authorization decision: {"timestamp":"2026-03-23T03:05:57.622368500Z","userId":1,"rolId":1,"resource":"USER_IDENTITY","action":"UPDATE","decision":"ALLOW","durationMs":4,"context":{"resourceId":2}}
Authorization decision: {"timestamp":"2026-03-23T03:10:38.036232Z","userId":1,"rolId":1,"resource":"USER_IDENTITY","action":"UPDATE","decision":"ALLOW","durationMs":13,"context":{"resourceId":2}}
Authorization decision: {"timestamp":"2026-03-23T04:23:46.612122200Z","userId":1,"rolId":1,"resource":"USER_IDENTITY","action":"UPDATE","decision":"ALLOW","durationMs":12,"context":{"resourceId":2}}
