Authorization decision: {"timestamp":"2026-03-23T16:52:54.914196800Z","userId":1,"rolId":1,"resource":"USER_IDENTITY","action":"UPDATE","decision":"ALLOW","durationMs":14,"context":{"resourceId":2}}
Authorization decision: {"timestamp":"2026-03-23T16:57:21.946084400Z","userId":1,"rolId":1,"resource":"USER_IDENTITY","action":"REACTIVATE","decision":"ALLOW","durationMs":6,"context":{"resourceId":2}}
Authorization decision: {"timestamp":"2026-03-23T16:57:40.658805800Z","userId":1,"rolId":1,"resource":"USER_IDENTITY","action":"UPDATE","decision":"ALLOW","durationMs":6,"context":{"resourceId":2}}
Authorization decision: {"timestamp":"2026-03-23T16:57:52.753322100Z","userId":1,"rolId":1,"resource":"USER_IDENTITY","action":"UPDATE","decision":"ALLOW","durationMs":8,"context":{"resourceId":2}}
Authorization decision: {"timestamp":"2026-03-23T17:21:15.571833400Z","userId":1,"rolId":1,"resource":"USER_IDENTITY","action":"READ","decision":"ALLOW","durationMs":16}
Authorization decision: {"timestamp":"2026-03-23T17:22:28.823090800Z","userId":1,"rolId":1,"resource":"USER_IDENTITY","action":"CREATE","decision":"ALLOW","durationMs":5}
Authorization decision: {"timestamp":"2026-03-23T17:22:57.343517Z","userId":1,"rolId":1,"resource":"USER_IDENTITY","action":"CREATE","decision":"ALLOW","durationMs":16}
Authorization decision: {"timestamp":"2026-03-23T17:24:09.655299300Z","userId":1,"rolId":1,"resource":"USER_IDENTITY","action":"CREATE","decision":"ALLOW","durationMs":8}
Authorization decision: {"timestamp":"2026-03-23T17:24:49.081339400Z","userId":1,"rolId":1,"resource":"USER_IDENTITY","action":"CREATE","decision":"ALLOW","durationMs":6}
Authorization decision: {"timestamp":"2026-03-23T17:25:54.344807Z","userId":1,"rolId":1,"resource":"USER_IDENTITY","action":"CREATE","decision":"ALLOW","durationMs":14}
Authorization decision: {"timestamp":"2026-03-23T17:31:22.192712500Z","userId":1,"rolId":1,"resource":"USER_IDENTITY","action":"SUSPEND","decision":"ALLOW","durationMs":5,"context":{"resourceId":5}}
Authorization decision: {"timestamp":"2026-03-23T17:32:23.415869400Z","userId":1,"rolId":1,"resource":"USER_IDENTITY","action":"UPDATE","decision":"ALLOW","durationMs":5,"context":{"resourceId":5}}
Authorization decision: {"timestamp":"2026-03-23T17:32:37.754104200Z","userId":1,"rolId":1,"resource":"USER_IDENTITY","action":"UPDATE","decision":"ALLOW","durationMs":5,"context":{"resourceId":2}}
Authorization decision: {"timestamp":"2026-03-23T17:33:33.801328800Z","userId":1,"rolId":1,"resource":"USER_IDENTITY","action":"UPDATE","decision":"ALLOW","durationMs":8,"context":{"resourceId":2}}
Authorization decision: {"timestamp":"2026-03-23T17:45:02.987116600Z","userId":1,"rolId":1,"resource":"USER_IDENTITY","action":"UPDATE","decision":"ALLOW","durationMs":11,"context":{"resourceId":2}}
Authorization decision: {"timestamp":"2026-03-23T18:15:51.839816500Z","userId":1,"rolId":1,"resource":"USER_IDENTITY","action":"UPDATE","decision":"ALLOW","durationMs":7,"context":{"resourceId":2}}
Authorization decision: {"timestamp":"2026-03-23T18:16:12.472538100Z","userId":1,"rolId":1,"resource":"USER_IDENTITY","action":"UPDATE","decision":"ALLOW","durationMs":7,"context":{"resourceId":2}}
Authorization decision: {"timestamp":"2026-03-23T18:16:34.260807500Z","userId":1,"rolId":1,"resource":"USER_IDENTITY","action":"UPDATE","decision":"ALLOW","durationMs":47,"context":{"resourceId":5}}
Authorization decision: {"timestamp":"2026-03-23T21:31:00.644016300Z","userId":1,"rolId":1,"resource":"USER_IDENTITY","action":"READ","decision":"ALLOW","durationMs":15,"context":{"resourceId":1}}
Authorization decision: {"timestamp":"2026-03-23T21:31:09.159224600Z","userId":1,"rolId":1,"resource":"USER_IDENTITY","action":"READ","decision":"ALLOW","durationMs":9,"context":{"resourceId":9}}
Authorization decision: {"timestamp":"2026-03-23T22:05:34.918923100Z","userId":1,"rolId":1,"resource":"USER_IDENTITY","action":"READ","decision":"ALLOW","durationMs":70,"context":{"resourceId":9}}
Authorization decision: {"timestamp":"2026-03-23T22:06:29.016088Z","userId":1,"rolId":1,"resource":"USER_IDENTITY","action":"READ","decision":"ALLOW","durationMs":7,"context":{"resourceId":5}}
Authorization decision: {"timestamp":"2026-03-23T22:06:58.875148100Z","userId":1,"rolId":1,"resource":"USER_IDENTITY","action":"SUSPEND","decision":"ALLOW","durationMs":8,"context":{"resourceId":5}}
Authorization decision: {"timestamp":"2026-03-23T22:07:27.362643600Z","userId":1,"rolId":1,"resource":"USER_IDENTITY","action":"SUSPEND","decision":"ALLOW","durationMs":6,"context":{"resourceId":4}}
Authorization decision: {"timestamp":"2026-03-23T22:07:41.782932500Z","userId":1,"rolId":1,"resource":"USER_IDENTITY","action":"SUSPEND","decision":"ALLOW","durationMs":5,"context":{"resourceId":4}}
Authorization decision: {"timestamp":"2026-03-23T23:54:13.657769700Z","userId":1,"rolId":1,"resource":"ROLE","action":"CREATE_CUSTOM_ROLE","decision":"ALLOW","durationMs":13}
Authorization decision: {"timestamp":"2026-03-23T23:56:03.611244800Z","userId":1,"rolId":1,"resource":"ROLE","action":"VIEW_ROLE","decision":"ALLOW","durationMs":9,"context":{"resourceId":1}}
Authorization decision: {"timestamp":"2026-03-23T23:56:18.577633600Z","userId":1,"rolId":1,"resource":"ROLE","action":"VIEW_ROLE","decision":"ALLOW","durationMs":20,"context":{"resourceId":3}}
Authorization decision: {"timestamp":"2026-03-23T23:58:15.853779400Z","userId":1,"rolId":1,"resource":"ROLE","action":"VIEW_ROLE","decision":"ALLOW","durationMs":18}
Authorization decision: {"timestamp":"2026-03-24T00:07:55.137408700Z","userId":1,"rolId":1,"resource":"ROLE","action":"VIEW_ROLE","decision":"ALLOW","durationMs":10}
Authorization decision: {"timestamp":"2026-03-24T00:34:58.007236400Z","userId":1,"rolId":1,"resource":"ROLE","action":"DEACTIVATE_ROLE","decision":"ALLOW","durationMs":8,"context":{"resourceId":4}}
Authorization decision: {"timestamp":"2026-03-24T00:36:43.074422200Z","userId":1,"rolId":1,"resource":"ROLE","action":"ACTIVATE_ROLE","decision":"ALLOW","durationMs":13,"context":{"resourceId":4}}
Authorization decision: {"timestamp":"2026-03-24T00:39:48.082625500Z","userId":1,"rolId":1,"resource":"ROLE","action":"SUSPEND_ROLE","decision":"ALLOW","durationMs":10,"context":{"resourceId":4}}
Authorization decision: {"timestamp":"2026-03-24T00:41:32.155943300Z","userId":1,"rolId":1,"resource":"ROLE","action":"MARK_DELETED_ROLE","decision":"ALLOW","durationMs":4,"context":{"resourceId":4}}
Authorization decision: {"timestamp":"2026-03-24T00:42:23.935731900Z","userId":1,"rolId":1,"resource":"ROLE","action":"MARK_DELETED_ROLE","decision":"ALLOW","durationMs":10,"context":{"resourceId":5}}
Authorization decision: {"timestamp":"2026-03-24T00:44:02.527258Z","userId":1,"rolId":1,"resource":"ROLE","action":"DELETE_ROLE","decision":"ALLOW","durationMs":6,"context":{"resourceId":5}}
Authorization decision: {"timestamp":"2026-03-24T00:51:17.678815400Z","userId":1,"rolId":1,"resource":"ROLE","action":"CREATE_CUSTOM_ROLE","decision":"ALLOW","durationMs":8}
Authorization decision: {"timestamp":"2026-03-24T01:05:03.194776400Z","userId":1,"rolId":1,"resource":"ROLE","action":"ADD_PERMISSION","decision":"ALLOW","durationMs":44,"context":{"resourceId":6}}
Authorization decision: {"timestamp":"2026-03-24T02:39:13.568723400Z","userId":1,"rolId":1,"resource":"ROLE","action":"CLONE_ROLE","decision":"ALLOW","durationMs":10,"context":{"resourceId":2}}
Authorization decision: {"timestamp":"2026-03-24T02:40:33.587572400Z","userId":1,"rolId":1,"resource":"ROLE","action":"ADD_PERMISSION","decision":"ALLOW","durationMs":111,"context":{"resourceId":7}}
Authorization decision: {"timestamp":"2026-03-24T02:41:00.943101600Z","userId":1,"rolId":1,"resource":"ROLE","action":"ADD_PERMISSION","decision":"ALLOW","durationMs":9,"context":{"resourceId":7}}
Authorization decision: {"timestamp":"2026-03-24T02:44:33.755832300Z","userId":1,"rolId":1,"resource":"ROLE","action":"ADD_PERMISSION","decision":"ALLOW","durationMs":21,"context":{"resourceId":7}}
Authorization decision: {"timestamp":"2026-03-24T03:13:46.120464Z","userId":1,"rolId":1,"resource":"ROLE","action":"ACTIVATE_ROLE","decision":"ALLOW","durationMs":15,"context":{"resourceId":4}}
Authorization decision: {"timestamp":"2026-03-24T03:14:49.257742800Z","userId":1,"rolId":1,"resource":"ROLE","action":"DEACTIVATE_ROLE","decision":"ALLOW","durationMs":8,"context":{"resourceId":7}}
Authorization decision: {"timestamp":"2026-03-24T03:15:24.485903100Z","userId":1,"rolId":1,"resource":"ROLE","action":"SUSPEND_ROLE","decision":"ALLOW","durationMs":13,"context":{"resourceId":3}}
Authorization decision: {"timestamp":"2026-03-24T03:16:07.675714300Z","userId":1,"rolId":1,"resource":"ROLE","action":"MARK_DELETED_ROLE","decision":"ALLOW","durationMs":17,"context":{"resourceId":7}}
Authorization decision: {"timestamp":"2026-03-24T03:16:40.599924400Z","userId":1,"rolId":1,"resource":"ROLE","action":"MARK_DELETED_ROLE","decision":"ALLOW","durationMs":18,"context":{"resourceId":2}}
Authorization decision: {"timestamp":"2026-03-24T03:17:33.574470600Z","userId":1,"rolId":1,"resource":"ROLE","action":"CLONE_ROLE","decision":"ALLOW","durationMs":9,"context":{"resourceId":3}}
Authorization decision: {"timestamp":"2026-03-24T03:18:10.744708200Z","userId":1,"rolId":1,"resource":"ROLE","action":"CLONE_ROLE","decision":"ALLOW","durationMs":9,"context":{"resourceId":3}}
Authorization decision: {"timestamp":"2026-03-24T03:18:36.386803500Z","userId":1,"rolId":1,"resource":"ROLE","action":"CLONE_ROLE","decision":"ALLOW","durationMs":10,"context":{"resourceId":4}}
Authorization decision: {"timestamp":"2026-03-24T03:18:48.089421400Z","userId":1,"rolId":1,"resource":"ROLE","action":"CLONE_ROLE","decision":"ALLOW","durationMs":9,"context":{"resourceId":2}}
Authorization decision: {"timestamp":"2026-03-24T03:19:00.603302900Z","userId":1,"rolId":1,"resource":"ROLE","action":"CLONE_ROLE","decision":"ALLOW","durationMs":8,"context":{"resourceId":2}}
Authorization decision: {"timestamp":"2026-03-24T03:19:35.214115100Z","userId":1,"rolId":1,"resource":"ROLE","action":"DELETE_ROLE","decision":"ALLOW","durationMs":8,"context":{"resourceId":8}}
Authorization decision: {"timestamp":"2026-03-24T03:19:50.177357100Z","userId":1,"rolId":1,"resource":"ROLE","action":"DELETE_ROLE","decision":"ALLOW","durationMs":7,"context":{"resourceId":7}}
Authorization decision: {"timestamp":"2026-03-24T03:22:22.828464100Z","userId":1,"rolId":1,"resource":"ROLE","action":"CHECK_PERMISSION","decision":"ALLOW","durationMs":11,"context":{"resourceId":1}}
Authorization decision: {"timestamp":"2026-03-24T03:23:11.665002100Z","userId":1,"rolId":1,"resource":"ROLE","action":"ADD_PERMISSION","decision":"ALLOW","durationMs":5,"context":{"resourceId":8}}
Authorization decision: {"timestamp":"2026-03-24T03:23:24.349684300Z","userId":1,"rolId":1,"resource":"ROLE","action":"ADD_PERMISSION","decision":"ALLOW","durationMs":10,"context":{"resourceId":8}}
Authorization decision: {"timestamp":"2026-03-24T03:23:37.591651100Z","userId":1,"rolId":1,"resource":"ROLE","action":"ADD_PERMISSION","decision":"ALLOW","durationMs":6,"context":{"resourceId":8}}
Authorization decision: {"timestamp":"2026-03-24T03:24:58.716146100Z","userId":1,"rolId":1,"resource":"ROLE","action":"ADD_PERMISSION","decision":"ALLOW","durationMs":59,"context":{"resourceId":8}}
Authorization decision: {"timestamp":"2026-03-24T03:25:06.892121400Z","userId":1,"rolId":1,"resource":"ROLE","action":"ADD_PERMISSION","decision":"ALLOW","durationMs":10,"context":{"resourceId":3}}
Authorization decision: {"timestamp":"2026-03-24T03:25:16.556204800Z","userId":1,"rolId":1,"resource":"ROLE","action":"ADD_PERMISSION","decision":"ALLOW","durationMs":6,"context":{"resourceId":2}}
Authorization decision: {"timestamp":"2026-03-24T03:25:27.183087300Z","userId":1,"rolId":1,"resource":"ROLE","action":"ADD_PERMISSION","decision":"ALLOW","durationMs":44,"context":{"resourceId":1}}
Authorization decision: {"timestamp":"2026-03-24T03:26:39.440595Z","userId":1,"rolId":1,"resource":"ROLE","action":"DELETE_ROLE","decision":"ALLOW","durationMs":8,"context":{"resourceId":8}}
Authorization decision: {"timestamp":"2026-03-24T03:27:54.485536200Z","userId":1,"rolId":1,"resource":"ROLE","action":"CHECK_PERMISSION","decision":"ALLOW","durationMs":7,"context":{"resourceId":8}}
Authorization decision: {"timestamp":"2026-03-24T03:28:56.841036900Z","userId":1,"rolId":1,"resource":"ROLE","action":"CHECK_PERMISSION","decision":"ALLOW","durationMs":5,"context":{"resourceId":8}}
Authorization decision: {"timestamp":"2026-03-24T03:31:29.206094900Z","userId":1,"rolId":1,"resource":"ROLE","action":"DELETE_ROLE","decision":"ALLOW","durationMs":46,"context":{"resourceId":8}}
Authorization decision: {"timestamp":"2026-03-24T03:38:58.989122300Z","userId":1,"rolId":1,"resource":"ROLE","action":"REMOVE_PERMISSION","decision":"ALLOW","durationMs":34,"context":{"resourceId":8}}
Authorization decision: {"timestamp":"2026-03-24T03:41:15.460552700Z","userId":1,"rolId":1,"resource":"ROLE","action":"SET_PERMISSIONS","decision":"ALLOW","durationMs":21,"context":{"resourceId":8}}
Authorization decision: {"timestamp":"2026-03-24T03:57:58.672489800Z","userId":1,"rolId":1,"resource":"ASSIGNMENT","action":"CREATE","decision":"ALLOW","durationMs":6}
Authorization decision: {"timestamp":"2026-03-24T04:00:33.214960700Z","userId":1,"rolId":1,"resource":"ASSIGNMENT","action":"CREATE_TEMPORARY","decision":"ALLOW","durationMs":21}
Authorization decision: {"timestamp":"2026-03-24T04:01:50.058619700Z","userId":1,"rolId":1,"resource":"ASSIGNMENT","action":"VIEW_ASSIGNMENT","decision":"ALLOW","durationMs":15,"context":{"resourceId":2}}
Authorization decision: {"timestamp":"2026-03-24T04:03:46.412971400Z","userId":1,"rolId":1,"resource":"ASSIGNMENT","action":"VIEW_ASSIGNMENT","decision":"ALLOW","durationMs":6}
Authorization decision: {"timestamp":"2026-03-24T04:04:49.396278900Z","userId":1,"rolId":1,"resource":"ASSIGNMENT","action":"VIEW_ASSIGNMENT","decision":"ALLOW","durationMs":10}
Authorization decision: {"timestamp":"2026-03-24T04:05:04.343796Z","userId":1,"rolId":1,"resource":"ASSIGNMENT","action":"VIEW_ASSIGNMENT","decision":"ALLOW","durationMs":7}
Authorization decision: {"timestamp":"2026-03-24T04:05:34.039342700Z","userId":1,"rolId":1,"resource":"ASSIGNMENT","action":"VIEW_ASSIGNMENT","decision":"ALLOW","durationMs":7}
Authorization decision: {"timestamp":"2026-03-24T04:07:56.961952500Z","userId":1,"rolId":1,"resource":"ASSIGNMENT","action":"VIEW_ASSIGNMENT","decision":"ALLOW","durationMs":8}
Authorization decision: {"timestamp":"2026-03-24T04:09:02.626485400Z","userId":1,"rolId":1,"resource":"ASSIGNMENT","action":"VIEW_ASSIGNMENT","decision":"ALLOW","durationMs":14}
Authorization decision: {"timestamp":"2026-03-24T04:10:37.946145Z","userId":1,"rolId":1,"resource":"ASSIGNMENT","action":"IS_ACTIVE_AT","decision":"ALLOW","durationMs":7,"context":{"resourceId":4}}
